// Jest Snapshot v1, https://goo.gl/fbAQLP

exports[`Card renders 1`] = `
.emotion-5 {
  width: 100%;
  display: -webkit-box;
  display: -webkit-flex;
  display: -ms-flexbox;
  display: flex;
  -webkit-flex-direction: column;
  -ms-flex-direction: column;
  flex-direction: column;
  background-color: #FBF5EB;
  border-width: 3px;
  border-radius: 12px;
  border-style: solid;
  overflow: hidden;
  position: relative;
  border-color: #034045;
  -webkit-flex-basis: '40%';
  -ms-flex-preferred-size: '40%';
  flex-basis: '40%';
  -webkit-box-flex: '1';
  -webkit-flex-grow: '1';
  -ms-flex-positive: '1';
  flex-grow: '1';
  margin-bottom: '32px';
}

.emotion-5:hover {
  box-shadow: 0 2px 18px 0 rgba(0,0,0,0.25);
}

.emotion-4 {
  display: -webkit-box;
  display: -webkit-flex;
  display: -ms-flexbox;
  display: flex;
  -webkit-box-pack: justify;
  -webkit-justify-content: space-between;
  -ms-flex-pack: justify;
  justify-content: space-between;
  -webkit-flex-direction: column;
  -ms-flex-direction: column;
  flex-direction: column;
}

.emotion-3 {
  padding: 23px 23px 0px 23px;
  cursor: pointer;
  display: -webkit-box;
  display: -webkit-flex;
  display: -ms-flexbox;
  display: flex;
  -webkit-flex-direction: column-reverse;
  -ms-flex-direction: column-reverse;
  flex-direction: column-reverse;
  padding: 23px 23px 0px 23px;
  cursor: default;
}

.emotion-2 {
  display: -webkit-box;
  display: -webkit-flex;
  display: -ms-flexbox;
  display: flex;
  -webkit-flex-direction: row;
  -ms-flex-direction: row;
  flex-direction: row;
  -webkit-align-items: flex-end;
  -webkit-box-align: flex-end;
  -ms-flex-align: flex-end;
  align-items: flex-end;
  margin-bottom: 24px;
  margin-top: 8px;
}

.emotion-0 {
  text-align: left;
  width: 100%;
  -webkit-text-decoration: none;
  text-decoration: none;
  font-weight: 300;
  color: #034045;
  color: #034045;
  font-weight: 500;
  padding-left: 8px;
  width: 100%;
}

.emotion-1 {
  padding-left: 8px;
}

<div
  class="emotion-5"
>
  <div
    class="emotion-4"
  >
    <div
      class="emotion-3"
    >
      <div
        class="emotion-2"
        tabindex="0"
      >
        <div />
        <p
          class="emotion-0"
        >
          title
        </p>
        <p
          class="emotion-1"
        >
          subtitle
        </p>
      </div>
    </div>
  </div>
</div>
`;
