// Jest Snapshot v1, https://goo.gl/fbAQLP

exports[`Checkbox renders 1`] = `
.emotion-0 {
  display: -webkit-box;
  display: -webkit-flex;
  display: -ms-flexbox;
  display: flex;
  -webkit-flex-wrap: wrap;
  -ms-flex-wrap: wrap;
  flex-wrap: wrap;
  margin: 0 0 0 52px;
  font-size: 14px;
}

.emotion-0 label {
  -webkit-letter-spacing: 0.05px;
  -moz-letter-spacing: 0.05px;
  -ms-letter-spacing: 0.05px;
  letter-spacing: 0.05px;
  margin-right: 0.5rem;
}

.emotion-1 {
  position: fixed;
  opacity: 0;
  pointer-events: none;
}

.emotion-6 {
  display: -webkit-box;
  display: -webkit-flex;
  display: -ms-flexbox;
  display: flex;
}

.emotion-5 {
  display: -webkit-box;
  display: -webkit-flex;
  display: -ms-flexbox;
  display: flex;
  -webkit-align-items: center;
  -webkit-box-align: center;
  -ms-flex-align: center;
  align-items: center;
  width: 100% !important;
  height: 100% !important;
  left: 0 !important;
  top: 0 !important;
}

.emotion-3 {
  height: 15px;
  width: 15px;
  min-height: 20px;
  min-width: 20px;
  outline: 0;
  line-height: 0;
  display: -webkit-box;
  display: -webkit-flex;
  display: -ms-flexbox;
  display: flex;
  -webkit-align-items: center;
  -webkit-box-align: center;
  -ms-flex-align: center;
  align-items: center;
  -webkit-box-pack: center;
  -webkit-justify-content: center;
  -ms-flex-pack: center;
  justify-content: center;
  cursor: pointer;
  margin-top: 0.125rem;
  border: 2px solid #034045;
  border-radius: 6px;
}

.emotion-2 > svg path {
  stroke: white;
}

.emotion-4 {
  font-weight: bold;
  margin-left: 12px;
}

<div>
  <div
    class="emotion-0"
  />
  <input
    class="emotion-1"
    id="1"
    name=""
    type="checkbox"
    value=""
  />
  <label
    class="emotion-6"
    for="1"
  >
    <div
      class="emotion-5"
    >
      <span
        class="emotion-3"
      >
        <span
          class="emotion-2"
        >
          <svg
            height="17"
            width="20"
            xmlns="http://www.w3.org/2000/svg"
          >
            <path
              d="M18.031 1.866L7.154 13.442l-5.37-5.944"
              fill="none"
              fill-rule="evenodd"
              stroke="#034045"
              stroke-width="4"
            />
          </svg>
        </span>
      </span>
      <span
        class="emotion-4"
      />
    </div>
  </label>
</div>
`;
