// Jest Snapshot v1, https://goo.gl/fbAQLP

exports[`Spinner renders 1`] = `
.emotion-0 {
  border: 3px solid #034045;
  border-radius: 50%;
  border-right-color: transparent;
  display: inline-block;
  width: 100%;
  height: 100%;
  -webkit-animation: 1s linear infinite spinner;
  animation: 1s linear infinite spinner;
  -webkit-animation-delay: var(--spinner-delay);
  animation-delay: var(--spinner-delay);
}

<div
  class="emotion-0"
/>
`;
