// Jest Snapshot v1, https://goo.gl/fbAQLP

exports[`Input renders 1`] = `
.emotion-4 {
  width: 100%;
}

.emotion-1 {
  display: -webkit-box;
  display: -webkit-flex;
  display: -ms-flexbox;
  display: flex;
  -webkit-flex-wrap: wrap;
  -ms-flex-wrap: wrap;
  flex-wrap: wrap;
  -webkit-align-items: flex-end;
  -webkit-box-align: flex-end;
  -ms-flex-align: flex-end;
  align-items: flex-end;
  color: #034045;
  font-size: 0.875rem;
  font-weight: 300;
  margin: 0 0 0.5rem 16px;
}

.emotion-1 label {
  margin-right: 0.5rem;
}

.emotion-3 {
  position: relative;
}

.emotion-2 {
  width: 100%;
  padding: 0 16px;
  font-size: 1.125rem;
  border: 1px solid #034045;
  border-radius: 8px;
  height: 48px;
  color: #034045;
}

.emotion-2:disabled {
  cursor: not-allowed;
  opacity: 0.5;
}

.emotion-2::-webkit-input-placeholder {
  color: #819FA2;
  font-size: 1rem;
}

.emotion-2::-moz-placeholder {
  color: #819FA2;
  font-size: 1rem;
}

.emotion-2:-ms-input-placeholder {
  color: #819FA2;
  font-size: 1rem;
}

.emotion-2::placeholder {
  color: #819FA2;
  font-size: 1rem;
}

<div
  class="emotion-4"
>
  <div
    class="emotion-1"
  >
    <label
      class="emotion-0"
      for="label"
    >
      Label
    </label>
  </div>
  <div
    class="emotion-3"
  >
    <input
      aria-invalid="false"
      aria-label="Label"
      class="emotion-2"
      id="label"
      inputmode="text"
      type="text"
    />
  </div>
</div>
`;
