// Jest Snapshot v1, https://goo.gl/fbAQLP

exports[`Paragraph renders 1`] = `
.emotion-0 {
  text-align: left;
  width: 100%;
  -webkit-text-decoration: none;
  text-decoration: none;
  font-size: 1.125rem;
  font-weight: 300;
  color: #034045;
}

<p
  class="emotion-0"
/>
`;
